=== RUN   TestE2E_FailoverPGtoGoopg
=== RUN   TestE2E_FailoverPGtoGoopg/async
    e2e_failover_pg_to_goopg_test.go:74: standby.Start: start failed; process exited early (see /tmp/TestE2E_FailoverPGtoGoopgasync2322853418/001/goopg-standby/cluster.log)
=== RUN   TestE2E_FailoverPGtoGoopg/sync_remote_apply
    e2e_failover_pg_to_goopg_test.go:74: standby.Start: start failed; process exited early (see /tmp/TestE2E_FailoverPGtoGoopgsync_remote_apply3826672256/001/goopg-standby/cluster.log)
--- FAIL: TestE2E_FailoverPGtoGoopg (10.50s)
    --- FAIL: TestE2E_FailoverPGtoGoopg/async (5.21s)
    --- FAIL: TestE2E_FailoverPGtoGoopg/sync_remote_apply (5.29s)
FAIL
FAIL	github.com/goopg/goopg/internal/testport	10.500s
FAIL
