2026-07-07T00:07:12+09:00 [RUN]	start run_id=20260707-000712 sha=b70c70dd dirty=5 stages=preflight,units,race,testport,pgbench,tpch,summary
2026-07-07T00:07:13+09:00 [RUN]	S1 lanes start (L: units,race | H: testport,pgbench — filtered by NIGHTLY_STAGES)
2026-07-07T02:24:00+09:00 [RUN]	S1 barrier reached
2026-07-07T03:52:53+09:00 [RUN]	end status_rc=2 (0 pass / 2 fail / 3 inconclusive) — see summary.md
2026-07-08T06:43:34+09:00 [RUN]	start run_id=20260708-064334 sha=2e435e91 dirty=12 stages=preflight,units,race,testport,pgbench,tpch,summary
2026-07-08T06:43:42+09:00 [RUN]	S1 lanes start (L: units,race | H: testport,pgbench — filtered by NIGHTLY_STAGES)
2026-07-08T09:47:45+09:00 [RUN]	S1 barrier reached
2026-07-08T10:21:33+09:00 [RUN]	end status_rc=2 (0 pass / 2 fail / 3 inconclusive) — see summary.md
2026-07-09T01:03:37+09:00 [RUN]	start run_id=20260709-010336 sha=b9a1e1fb dirty=6 stages=preflight,units,race,testport,pgbench,tpch,summary
2026-07-09T01:03:45+09:00 [RUN]	S1 lanes start (L: units,race | H: testport,pgbench — filtered by NIGHTLY_STAGES)
2026-07-09T03:48:12+09:00 [RUN]	S1 barrier reached
2026-07-09T04:24:26+09:00 [RUN]	end status_rc=2 (0 pass / 2 fail / 3 inconclusive) — see summary.md
2026-07-09T04:26:12+09:00 [RUN]	log-push: committed + pushed batch logs to origin/align-data-structure-with-pg
2026-07-10T01:15:14+09:00 [RUN]	start run_id=20260710-011513 sha=f85d1756 dirty=6 stages=preflight,units,race,testport,pgbench,tpch,summary
2026-07-10T01:15:19+09:00 [RUN]	preflight failed — skipping S1/S2, going straight to summary
2026-07-10T01:15:19+09:00 [RUN]	end status_rc=2 (0 pass / 2 fail / 3 inconclusive) — see summary.md
2026-07-10T01:15:39+09:00 [RUN]	log-push: committed + pushed batch logs to origin/align-data-structure-with-pg
2026-07-11T01:15:36+09:00 [RUN]	start run_id=20260711-011536 sha=fda418cf dirty=9 stages=preflight,units,race,testport,pgbench,tpch,summary
2026-07-11T01:15:36+09:00 [RUN]	S1 lanes start (L: units,race | H: testport,pgbench — filtered by NIGHTLY_STAGES)
2026-07-11T05:24:36+09:00 [RUN]	S1 barrier reached
2026-07-11T05:58:02+09:00 [RUN]	end status_rc=2 (0 pass / 2 fail / 3 inconclusive) — see summary.md
2026-07-11T05:59:51+09:00 [RUN]	log-push: committed + pushed batch logs to origin/align-data-structure-with-pg
2026-07-12T02:05:30+09:00 [RUN]	start run_id=20260712-020530 sha=401e6212 dirty=8 stages=preflight,units,race,testport,pgbench,tpch,summary
2026-07-12T02:05:41+09:00 [RUN]	S1 lanes start (L: units,race | H: testport,pgbench — filtered by NIGHTLY_STAGES)
2026-07-12T04:56:53+09:00 [RUN]	S1 barrier reached
2026-07-12T05:29:20+09:00 [RUN]	end status_rc=2 (0 pass / 2 fail / 3 inconclusive) — see summary.md
2026-07-12T05:30:58+09:00 [RUN]	log-push: committed + pushed batch logs to origin/align-data-structure-with-pg
2026-07-13T01:05:34+09:00 [RUN]	start run_id=20260713-010534 sha=e453e3f2 dirty=15 stages=preflight,units,race,testport,pgbench,tpch,summary
2026-07-13T01:05:44+09:00 [RUN]	S1 lanes start (L: units,race | H: testport,pgbench — filtered by NIGHTLY_STAGES)
2026-07-13T03:56:19+09:00 [RUN]	S1 barrier reached
2026-07-13T04:29:12+09:00 [RUN]	end status_rc=2 (0 pass / 2 fail / 3 inconclusive) — see summary.md
2026-07-13T04:30:57+09:00 [RUN]	log-push: committed + pushed batch logs to origin/wal-system-pgnize

2026-07-14T01:16:53+09:00 [RUN]	start run_id=20260714-011651 sha=d8a4ed6e dirty=6 stages=preflight,units,race,testport,pgbench,tpch,summary
2026-07-14T01:17:06+09:00 [RUN]	S1 lanes start (L: units,race | H: testport,pgbench — filtered by NIGHTLY_STAGES)
2026-07-15T01:00:36+09:00 [RUN]	start run_id=20260715-010036 sha=751b8217 dirty=15 stages=preflight,units,race,testport,pgbench,tpch,summary
2026-07-15T01:00:44+09:00 [RUN]	S1 lanes start (L: units,race | H: testport,pgbench — filtered by NIGHTLY_STAGES)
2026-07-15T02:40:44+09:00 [RUN]	S1 barrier reached
2026-07-15T03:15:09+09:00 [RUN]	end status_rc=2 (0 pass / 2 fail / 3 inconclusive) — see summary.md
2026-07-15T03:16:49+09:00 [RUN]	log-push: committed + pushed batch logs to origin/wal-system-pgnize
2026-07-16T01:16:47+09:00 [RUN]	start run_id=20260716-011647 sha=577bf98d dirty=21 stages=preflight,units,race,testport,pgbench,tpch,summary
2026-07-16T01:16:56+09:00 [RUN]	S1 lanes start (L: units,race | H: testport,pgbench — filtered by NIGHTLY_STAGES)
2026-07-16T01:48:14+09:00 [RUN]	S1 barrier reached
2026-07-16T02:22:14+09:00 [RUN]	end status_rc=2 (0 pass / 2 fail / 3 inconclusive) — see summary.md
2026-07-16T02:23:52+09:00 [RUN]	log-push: committed + pushed batch logs to origin/wal-body-and-ddl-log-pg-compatible
2026-07-17T01:06:01+09:00 [RUN]	start run_id=20260717-010601 sha=19412390 dirty=22 stages=preflight,units,race,testport,pgbench,tpch,summary
2026-07-17T01:06:09+09:00 [RUN]	S1 lanes start (L: units,race | H: testport,pgbench — filtered by NIGHTLY_STAGES)
2026-07-17T01:38:36+09:00 [RUN]	S1 barrier reached
2026-07-17T02:12:22+09:00 [RUN]	end status_rc=2 (0 pass / 2 fail / 3 inconclusive) — see summary.md
2026-07-17T02:14:02+09:00 [RUN]	log-push: committed + pushed batch logs to origin/wal-body-and-ddl-log-pg-compatible
2026-07-19T09:42:20+09:00 [RUN]	start run_id=20260719-094219 sha=c217c692 dirty=23 stages=preflight,units,race,testport,pgbench,tpch,summary
2026-07-19T09:42:27+09:00 [RUN]	S1 lanes start (L: units,race | H: testport,pgbench — filtered by NIGHTLY_STAGES)
2026-07-19T10:20:12+09:00 [RUN]	S1 barrier reached
2026-07-19T10:53:21+09:00 [RUN]	end status_rc=2 (0 pass / 2 fail / 3 inconclusive) — see summary.md
2026-07-19T10:55:45+09:00 [RUN]	log-push: committed + pushed batch logs to origin/wal-pg-nodetree
2026-07-20T00:52:24+09:00 [RUN]	start run_id=20260720-005224 sha=be88fb66 dirty=19 stages=preflight,units,race,testport,pgbench,tpch,summary
2026-07-20T00:52:31+09:00 [RUN]	S1 lanes start (L: units,race | H: testport,pgbench — filtered by NIGHTLY_STAGES)
2026-07-20T01:27:39+09:00 [RUN]	S1 barrier reached
2026-07-20T02:01:04+09:00 [RUN]	end status_rc=2 (0 pass / 2 fail / 3 inconclusive) — see summary.md
2026-07-20T02:02:59+09:00 [RUN]	log-push: committed + pushed batch logs to origin/wal-pg-nodetree
2026-07-21T00:55:34+09:00 [RUN]	start run_id=20260721-005534 sha=6e8da3c0 dirty=22 stages=preflight,units,race,testport,pgbench,tpch,summary
2026-07-21T00:55:40+09:00 [RUN]	S1 lanes start (L: units,race | H: testport,pgbench — filtered by NIGHTLY_STAGES)
2026-07-21T02:46:59+09:00 [RUN]	S1 barrier reached
2026-07-21T03:16:20+09:00 [RUN]	end status_rc=2 (0 pass / 2 fail / 3 inconclusive) — see summary.md
