Q1: OK elapsed=46.73s rows=4
Q2: OK elapsed=9.39s rows=470
Q3: OK elapsed=36.04s rows=11462
Q4: OK elapsed=171.39s rows=5
Q5: ERROR after 1200.04s — pq: canceling statement due to user request (57014)
Q6: OK elapsed=34.49s rows=1
Q7: OK elapsed=36.49s rows=4
Q8: OK elapsed=187.18s rows=2
Q9: OK elapsed=218.26s rows=7
Q10: OK elapsed=35.31s rows=20574
Q11: OK elapsed=3.00s rows=1142
Q12: OK elapsed=88.74s rows=2
Q13: OK elapsed=62.12s rows=35
Q14: OK elapsed=35.41s rows=1
Q15-CREATEVIEW: OK elapsed=0.00s rows=0
Q15a-VIEWBODY: OK elapsed=27.82s rows=10000
Q15b-MAIN: OK elapsed=56.65s rows=1
Q16: OK elapsed=6.41s rows=18170
Q17: OK elapsed=67.47s rows=1
Q18: OK elapsed=55.41s rows=11
Q19: OK elapsed=63.92s rows=1
Q20: OK elapsed=30.24s rows=0
Q21: OK elapsed=375.72s rows=0
Q22: OK elapsed=58.53s rows=7
