Q1: OK elapsed=41.83s rows=4
Q2: OK elapsed=9.30s rows=470
Q3: OK elapsed=36.73s rows=11462
Q4: OK elapsed=164.74s rows=5
Q5: ERROR after 1200.10s — pq: canceling statement due to user request (57014)
Q6: OK elapsed=32.53s rows=1
Q7: OK elapsed=35.70s rows=4
Q8: OK elapsed=183.65s rows=2
Q9: OK elapsed=215.61s rows=7
Q10: OK elapsed=34.46s rows=20574
Q11: OK elapsed=2.96s rows=1142
Q12: OK elapsed=87.97s rows=2
Q13: OK elapsed=61.64s rows=35
Q14: OK elapsed=34.72s rows=1
Q15-CREATEVIEW: OK elapsed=0.00s rows=0
Q15a-VIEWBODY: OK elapsed=27.01s rows=10000
Q15b-MAIN: OK elapsed=55.76s rows=1
Q16: OK elapsed=6.50s rows=18170
Q17: OK elapsed=67.29s rows=1
Q18: OK elapsed=53.89s rows=11
Q19: OK elapsed=63.75s rows=1
Q20: OK elapsed=28.77s rows=0
Q21: OK elapsed=384.56s rows=0
Q22: OK elapsed=59.06s rows=7
